
> visabud@1.0.0 build
> next build

   Γû▓ Next.js 14.0.3
   - Environments: .env.local

   Creating an optimized production build ...
node.exe :  ΓÜá Compiled with warnings
At line:1 char:1
+ & "C:\Program Files\nodejs/node.exe" "C:\Program Files\nodejs/node_mo ...
+ ~~~~~~~~~~~~~~~~~~~~~~~~~~~~~~~~~~~~~~~~~~~~~~~~~~~~~~~~~~~~~~~~~~~~~
    + CategoryInfo          : NotSpecified: ( ΓÜá Compiled with warnings:String) [], RemoteException
    + FullyQualifiedErrorId : NativeCommandError
 

./node_modules/@prisma/instrumentation/node_modules/@opentelemetry/instrumentation/build/esm/platform/node/instrumentat
ion.js
Critical dependency: the request of a dependency is an expression

Import trace for requested module:
./node_modules/@prisma/instrumentation/node_modules/@opentelemetry/instrumentation/build/esm/platform/node/instrumentat
ion.js
./node_modules/@prisma/instrumentation/node_modules/@opentelemetry/instrumentation/build/esm/platform/node/index.js
./node_modules/@prisma/instrumentation/node_modules/@opentelemetry/instrumentation/build/esm/platform/index.js
./node_modules/@prisma/instrumentation/node_modules/@opentelemetry/instrumentation/build/esm/index.js
./node_modules/@prisma/instrumentation/dist/index.js
./node_modules/@sentry/node/build/cjs/integrations/tracing/prisma.js
./node_modules/@sentry/node/build/cjs/index.js
./node_modules/@sentry/nextjs/build/cjs/index.server.js
./src/app/auth/signup/page.tsx

   Linting and checking validity of types ...
Failed to compile.

./src/components/OnboardingGate.tsx:72:26
Type error: Cannot find name 'onboarding_completed'.

[0m [90m 70 |[39m[0m
[0m [90m 71 |[39m     checkOnboardingState()[33m;[39m[0m
[0m[31m[1m>[22m[39m[90m 72 |[39m   }[33m,[39m [user[33m,[39m authLoading[33m,[39m 
onboarding_completed[33m,[39m router])[33m;[39m[0m
[0m [90m    |[39m                          [31m[1m^[22m[39m[0m
[0m [90m 73 |[39m[0m
[0m [90m 74 |[39m   [90m// Loading state[39m[0m
[0m [90m 75 |[39m   [36mif[39m (authLoading [33m||[39m checkingCompletion) {[0m
